done setlocale 'C': 'C;C;C;C;C;C'
done setlocale 'waka': 'waka;waka;waka;waka;waka;waka'
