wrote profile of 228 bytes (allocated 228 bytes)
Hello! answer: 42
