wrote profile of 232 bytes (allocated 232 bytes)
Hello from main!
Hello from lib!
